ets Jul 29 2019 12:21:46

rst:0x1 (POWERON_RESET),boot:0x17 (SPI_FAST_FLASH_BOOT)
configsip: 0, SPIWP:0xee
clk_drv:0x00,q_drv:0x00,d_drv:0x00,cs0_drv:0x00,hd_drv:0x00,wp_drv:0x00
mode:DIO, clock div:2
load:0x3fff0030,len:7176
load:0x40078000,len:15564
ho 0 tail 12 room 4
load:0x40080400,len:4
load:0x40080404,len:3904
entry 0x40080640
[0;32mI (31) boot: ESP-IDF v5.3.1-dirty 2nd stage bootloader[0m
[0;32mI (31) boot: compile time Mar 23 2025 01:51:16[0m
[0;32mI (31) boot: Multicore bootloader[0m
[0;32mI (36) boot: chip revision: v3.0[0m
[0;32mI (40) boot.esp32: SPI Speed      : 40MHz[0m
[0;32mI (44) boot.esp32: SPI Mode       : DIO[0m
[0;32mI (49) boot.esp32: SPI Flash Size : 2MB[0m
[0;32mI (53) boot: Enabling RNG early entropy source...[0m
[0;32mI (59) boot: Partition Table:[0m
[0;32mI (62) boot: ## Label            Usage          Type ST Offset   Length[0m
[0;32mI (70) boot:  0 nvs              WiFi data        01 02 00009000 00006000[0m
[0;32mI (77) boot:  1 phy_init         RF data          01 01 0000f000 00001000[0m
[0;32mI (85) boot:  2 factory          factory app      00 00 00010000 00177000[0m
[0;32mI (92) boot: End of partition table[0m
[0;32mI (96) esp_image: segment 0: paddr=00010020 vaddr=3f400020 size=2e944h (190788) map[0m
[0;32mI (170) esp_image: segment 1: paddr=0003e96c vaddr=3ffb0000 size=016ach (  5804) load[0m
[0;32mI (173) esp_image: segment 2: paddr=00040020 vaddr=400d0020 size=b5d68h (744808) map[0m
[0;32mI (431) esp_image: segment 3: paddr=000f5d90 vaddr=3ffb16ac size=02a0ch ( 10764) load[0m
[0;32mI (435) esp_image: segment 4: paddr=000f87a4 vaddr=40080000 size=1a7f0h (108528) load[0m
[0;32mI (493) boot: Loaded app from partition at offset 0x10000[0m
[0;32mI (493) boot: Disabling RNG early entropy source...[0m
[0;32mI (505) cpu_start: Multicore app[0m
[0;32mI (513) cpu_start: Pro cpu start user code[0m
[0;32mI (513) cpu_start: cpu freq: 160000000 Hz[0m
[0;32mI (513) app_init: Application information:[0m
[0;32mI (516) app_init: Project name:     datn[0m
[0;32mI (521) app_init: App version:      1[0m
[0;32mI (525) app_init: Compile time:     Mar 23 2025 01:51:01[0m
[0;32mI (531) app_init: ELF file SHA256:  f7d85003e...[0m
[0;32mI (536) app_init: ESP-IDF:          v5.3.1-dirty[0m
[0;32mI (542) efuse_init: Min chip rev:     v0.0[0m
[0;32mI (546) efuse_init: Max chip rev:     v3.99 [0m
[0;32mI (551) efuse_init: Chip rev:         v3.0[0m
[0;32mI (556) heap_init: Initializing. RAM available for dynamic allocation:[0m
[0;32mI (563) heap_init: At 3FFAE6E0 len 00001920 (6 KiB): DRAM[0m
[0;32mI (569) heap_init: At 3FFB8B88 len 00027478 (157 KiB): DRAM[0m
[0;32mI (576) heap_init: At 3FFE0440 len 00003AE0 (14 KiB): D/IRAM[0m
[0;32mI (582) heap_init: At 3FFE4350 len 0001BCB0 (111 KiB): D/IRAM[0m
[0;32mI (588) heap_init: At 4009A7F0 len 00005810 (22 KiB): IRAM[0m
[0;32mI (596) spi_flash: detected chip: generic[0m
[0;32mI (599) spi_flash: flash io: dio[0m
[0;33mW (603) spi_flash: Detected size(4096k) larger than the size in the binary image header(2048k). Using the size in the binary image header.[0m
[0;33mW (616) i2c: This driver is an old driver, please migrate your application code to adapt `driver/i2c_master.h`[0m
[0;32mI (628) main_task: Started on CPU0[0m
[0;32mI (638) main_task: Calling app_main()[0m
[0;32mI (658) gpio: GPIO[2]| InputEn: 0| OutputEn: 1| OpenDrain: 0| Pullup: 0| Pulldown: 0| Intr:0 [0m
[0;32mI (658) gpio: GPIO[33]| InputEn: 0| OutputEn: 1| OpenDrain: 0| Pullup: 0| Pulldown: 0| Intr:0 [0m
[0;32mI (668) gpio: GPIO[0]| InputEn: 1| OutputEn: 0| OpenDrain: 0| Pullup: 1| Pulldown: 0| Intr:0 [0m
[0;32mI (678) gpio: GPIO[32]| InputEn: 1| OutputEn: 0| OpenDrain: 0| Pullup: 1| Pulldown: 0| Intr:0 [0m
[0;32mI (688) gpio: GPIO[34]| InputEn: 1| OutputEn: 0| OpenDrain: 0| Pullup: 1| Pulldown: 0| Intr:0 [0m
[0;32mI (698) gpio: GPIO[35]| InputEn: 1| OutputEn: 0| OpenDrain: 0| Pullup: 1| Pulldown: 0| Intr:0 [0m
[0;32mI (708) gpio: GPIO[36]| InputEn: 1| OutputEn: 0| OpenDrain: 0| Pullup: 1| Pulldown: 0| Intr:0 [0m
[0;32mI (718) gpio: GPIO[39]| InputEn: 1| OutputEn: 0| OpenDrain: 0| Pullup: 1| Pulldown: 0| Intr:0 [0m
[0;32mI (728) RS485: RS485 Initialized[0m
[0;32mI (728) RS485: UART2 Initialized[0m
[0;32mI (728) wifi_manager: Initializing WiFi in SoftAP mode...[0m
I (748) wifi:wifi driver task: 3ffc2678, prio:23, stack:6656, core=0
I (748) wifi:wifi firmware version: ccaebfa
I (748) wifi:wifi certification version: v7.0
I (748) wifi:config NVS flash: enabled
I (758) wifi:config nano formating: disabled
I (758) wifi:Init data frame dynamic rx buffer num: 32
I (768) wifi:Init static rx mgmt buffer num: 5
I (768) wifi:Init management short buffer num: 32
I (768) wifi:Init dynamic tx buffer num: 32
I (778) wifi:Init static rx buffer size: 1600
I (778) wifi:Init static rx buffer num: 10
I (788) wifi:Init dynamic rx buffer num: 32
[0;32mI (788) wifi_init: rx ba win: 6[0m
[0;32mI (788) wifi_init: accept mbox: 6[0m
[0;32mI (798) wifi_init: tcpip mbox: 32[0m
[0;32mI (798) wifi_init: udp mbox: 6[0m
[0;32mI (808) wifi_init: tcp mbox: 6[0m
[0;32mI (808) wifi_init: tcp tx win: 5760[0m
[0;32mI (808) wifi_init: tcp rx win: 5760[0m
[0;32mI (818) wifi_init: tcp mss: 1440[0m
[0;32mI (818) wifi_init: WiFi IRAM OP enabled[0m
[0;32mI (828) wifi_init: WiFi RX IRAM OP enabled[0m
[0;32mI (838) phy_init: phy_version 4830,54550f7,Jun 20 2024,14:22:08[0m
[0;33mW (918) phy_init: saving new calibration data because of checksum failure, mode(0)[0m
I (938) wifi:mode : sta (8c:4b:14:94:f3:88) + softAP (8c:4b:14:94:f3:89)
I (938) wifi:enable tsf
I (948) wifi:Total power save buffer number: 16
I (948) wifi:Init max length of beacon: 752/752
I (948) wifi:Init max length of beacon: 752/752
[0;32mI (948) wifi_manager: SoftAP started with SSID: ESP32_Setup[0m
[0;32mI (958) esp_netif_lwip: DHCP server started on interface WIFI_AP_DEF with IP: 192.168.4.1[0m
[0;32mI (968) web_server: Web server started[0m
[0;32mI (968) web_server: [APP] Free memory start_web_server: 208284 bytes[0m
[0;32mI (978) web_server: Waiting SSID/PASS from Web...[0m
I (12628) wifi:new:<1,0>, old:<1,1>, ap:<1,1>, sta:<0,0>, prof:1, snd_ch_cfg:0x0
I (12628) wifi:station: 36:aa:19:75:d0:fc join, AID=1, bgn, 20
[0;32mI (12748) esp_netif_lwip: DHCP server assigned IP to a client, IP is: 192.168.4.2[0m
I (13168) wifi:<ba-add>idx:2 (ifx:1, 36:aa:19:75:d0:fc), tid:0, ssn:2, winSize:64
[0;32mI (34068) web_server: Nh·∫≠n d·ªØ li·ªáu t·ª´ Web: ssid=GATEWAY&password=135797531[0m
[0;32mI (34068) web_server: SSID: GATEWAY[0m
[0;32mI (34068) web_server: Password: 135797531[0m
[0;32mI (34078) web_server: WiFi config saved![0m
[0;32mI (34078) ETH_W5500: Initializing W5500 Ethernet...[0m
[0;32mI (34098) esp_eth.netif.netif_glue: 00:08:dc:ab:cd:ef[0m
[0;32mI (34098) esp_eth.netif.netif_glue: ethernet attached to netif[0m
I (34108) wifi:station: 36:aa:19:75:d0:fc leave, AID = 1, reason = 4, bss_flags is 691299, bss:0x3ffcc4f4
I (34108) wifi:new:<1,0>, old:<1,0>, ap:<1,1>, sta:<0,0>, prof:1, snd_ch_cfg:0x0
I (34118) wifi:<ba-del>idx:2, tid:0
I (34118) wifi:mode : sta (8c:4b:14:94:f3:88)
W (34128) wifi:Password length matches WPA2 standards, authmode threshold changes from OPEN to WPA2
[0;32mI (34158) WiFi_STA: wifi_init_sta finished.[0m
E (36078) wifi:NAN WiFi stop
I (36078) wifi:flush txq
I (36078) wifi:stop sw txq
I (36078) wifi:lmac stop hw txq
ets Jul 29 2019 12:21:46

rst:0xc (SW_CPU_RESET),boot:0x17 (SPI_FAST_FLASH_BOOT)
configsip: 0, SPIWP:0xee
clk_drv:0x00,q_drv:0x00,d_drv:0x00,cs0_drv:0x00,hd_drv:0x00,wp_drv:0x00
mode:DIO, clock div:2
load:0x3fff0030,len:7176
load:0x40078000,len:15564
ho 0 tail 12 room 4
load:0x40080400,len:4
load:0x40080404,len:3904
entry 0x40080640
[0;32mI (31) boot: ESP-IDF v5.3.1-dirty 2nd stage bootloader[0m
[0;32mI (31) boot: compile time Mar 23 2025 01:51:16[0m
[0;32mI (31) boot: Multicore bootloader[0m
[0;32mI (36) boot: chip revision: v3.0[0m
[0;32mI (40) boot.esp32: SPI Speed      : 40MHz[0m
[0;32mI (44) boot.esp32: SPI Mode       : DIO[0m
[0;32mI (49) boot.esp32: SPI Flash Size : 2MB[0m
[0;32mI (53) boot: Enabling RNG early entropy source...[0m
[0;32mI (59) boot: Partition Table:[0m
[0;32mI (62) boot: ## Label            Usage          Type ST Offset   Length[0m
[0;32mI (70) boot:  0 nvs              WiFi data        01 02 00009000 00006000[0m
[0;32mI (77) boot:  1 phy_init         RF data          01 01 0000f000 00001000[0m
[0;32mI (85) boot:  2 factory          factory app      00 00 00010000 00177000[0m
[0;32mI (92) boot: End of partition table[0m
[0;32mI (96) esp_image: segment 0: paddr=00010020 vaddr=3f400020 size=2e944h (190788) map[0m
[0;32mI (170) esp_image: segment 1: paddr=0003e96c vaddr=3ffb0000 size=016ach (  5804) load[0m
[0;32mI (173) esp_image: segment 2: paddr=00040020 vaddr=400d0020 size=b5d68h (744808) map[0m
[0;32mI (431) esp_image: segment 3: paddr=000f5d90 vaddr=3ffb16ac size=02a0ch ( 10764) load[0m
[0;32mI (435) esp_image: segment 4: paddr=000f87a4 vaddr=40080000 size=1a7f0h (108528) load[0m
[0;32mI (492) boot: Loaded app from partition at offset 0x10000[0m
[0;32mI (493) boot: Disabling RNG early entropy source...[0m
[0;32mI (505) cpu_start: Multicore app[0m
[0;32mI (513) cpu_start: Pro cpu start user code[0m
[0;32mI (513) cpu_start: cpu freq: 160000000 Hz[0m
[0;32mI (513) app_init: Application information:[0m
[0;32mI (516) app_init: Project name:     datn[0m
[0;32mI (520) app_init: App version:      1[0m
[0;32mI (525) app_init: Compile time:     Mar 23 2025 01:51:01[0m
[0;32mI (531) app_init: ELF file SHA256:  f7d85003e...[0m
[0;32mI (536) app_init: ESP-IDF:          v5.3.1-dirty[0m
[0;32mI (541) efuse_init: Min chip rev:     v0.0[0m
[0;32mI (546) efuse_init: Max chip rev:     v3.99 [0m
[0;32mI (551) efuse_init: Chip rev:         v3.0[0m
[0;32mI (556) heap_init: Initializing. RAM available for dynamic allocation:[0m
[0;32mI (563) heap_init: At 3FFAE6E0 len 00001920 (6 KiB): DRAM[0m
[0;32mI (569) heap_init: At 3FFB8B88 len 00027478 (157 KiB): DRAM[0m
[0;32mI (575) heap_init: At 3FFE0440 len 00003AE0 (14 KiB): D/IRAM[0m
[0;32mI (582) heap_init: At 3FFE4350 len 0001BCB0 (111 KiB): D/IRAM[0m
[0;32mI (588) heap_init: At 4009A7F0 len 00005810 (22 KiB): IRAM[0m
[0;32mI (596) spi_flash: detected chip: generic[0m
[0;32mI (599) spi_flash: flash io: dio[0m
[0;33mW (603) spi_flash: Detected size(4096k) larger than the size in the binary image header(2048k). Using the size in the binary image header.[0m
[0;33mW (616) i2c: This driver is an old driver, please migrate your application code to adapt `driver/i2c_master.h`[0m
[0;32mI (628) main_task: Started on CPU0[0m
[0;32mI (638) main_task: Calling app_main()[0m
[0;32mI (668) gpio: GPIO[2]| InputEn: 0| OutputEn: 1| OpenDrain: 0| Pullup: 0| Pulldown: 0| Intr:0 [0m
[0;32mI (668) gpio: GPIO[33]| InputEn: 0| OutputEn: 1| OpenDrain: 0| Pullup: 0| Pulldown: 0| Intr:0 [0m
[0;32mI (678) gpio: GPIO[0]| InputEn: 1| OutputEn: 0| OpenDrain: 0| Pullup: 1| Pulldown: 0| Intr:0 [0m
[0;32mI (688) gpio: GPIO[32]| InputEn: 1| OutputEn: 0| OpenDrain: 0| Pullup: 1| Pulldown: 0| Intr:0 [0m
[0;32mI (698) gpio: GPIO[34]| InputEn: 1| OutputEn: 0| OpenDrain: 0| Pullup: 1| Pulldown: 0| Intr:0 [0m
[0;32mI (708) gpio: GPIO[35]| InputEn: 1| OutputEn: 0| OpenDrain: 0| Pullup: 1| Pulldown: 0| Intr:0 [0m
[0;32mI (718) gpio: GPIO[36]| InputEn: 1| OutputEn: 0| OpenDrain: 0| Pullup: 1| Pulldown: 0| Intr:0 [0m
[0;32mI (728) gpio: GPIO[39]| InputEn: 1| OutputEn: 0| OpenDrain: 0| Pullup: 1| Pulldown: 0| Intr:0 [0m
[0;32mI (738) RS485: RS485 Initialized[0m
[0;32mI (738) RS485: UART2 Initialized[0m
[0;32mI (748) ETH_W5500: Initializing W5500 Ethernet...[0m
[0;32mI (758) esp_eth.netif.netif_glue: 00:08:dc:ab:cd:ef[0m
[0;32mI (758) esp_eth.netif.netif_glue: ethernet attached to netif[0m
I (778) wifi:wifi driver task: 3ffc4ca4, prio:23, stack:6656, core=0
I (788) wifi:wifi firmware version: ccaebfa
I (788) wifi:wifi certification version: v7.0
I (788) wifi:config NVS flash: enabled
I (788) wifi:config nano formating: disabled
I (798) wifi:Init data frame dynamic rx buffer num: 32
I (798) wifi:Init static rx mgmt buffer num: 5
I (808) wifi:Init management short buffer num: 32
I (808) wifi:Init dynamic tx buffer num: 32
I (808) wifi:Init static rx buffer size: 1600
I (818) wifi:Init static rx buffer num: 10
I (818) wifi:Init dynamic rx buffer num: 32
[0;32mI (828) wifi_init: rx ba win: 6[0m
[0;32mI (828) wifi_init: accept mbox: 6[0m
[0;32mI (828) wifi_init: tcpip mbox: 32[0m
[0;32mI (838) wifi_init: udp mbox: 6[0m
[0;32mI (838) wifi_init: tcp mbox: 6[0m
[0;32mI (838) wifi_init: tcp tx win: 5760[0m
[0;32mI (848) wifi_init: tcp rx win: 5760[0m
[0;32mI (848) wifi_init: tcp mss: 1440[0m
[0;32mI (858) wifi_init: WiFi IRAM OP enabled[0m
[0;32mI (858) wifi_init: WiFi RX IRAM OP enabled[0m
W (868) wifi:Password length matches WPA2 standards, authmode threshold changes from OPEN to WPA2
[0;32mI (878) phy_init: phy_version 4830,54550f7,Jun 20 2024,14:22:08[0m
I (968) wifi:mode : sta (8c:4b:14:94:f3:88)
I (968) wifi:enable tsf
[0;32mI (968) WiFi_STA: wifi_init_sta finished.[0m
I (1848) wifi:new:<6,0>, old:<1,0>, ap:<255,255>, sta:<6,0>, prof:1, snd_ch_cfg:0x0
I (1858) wifi:state: init -> auth (0xb0)
I (1898) wifi:state: auth -> assoc (0x0)
I (1918) wifi:state: assoc -> run (0x10)
I (1998) wifi:connected with GATEWAY, aid = 3, channel 6, BW20, bssid = 4e:e5:37:ae:0e:c6
I (1998) wifi:security: WPA2-PSK, phy: bgn, rssi: -64
I (2018) wifi:pm start, type: 1

I (2018) wifi:dp: 1, bi: 102400, li: 3, scale listen interval from 307200 us to 307200 us
I (2068) wifi:AP's beacon interval = 102400 us, DTIM period = 1
[0;32mI (3018) esp_netif_handlers: sta ip: 172.20.10.4, mask: 255.255.255.240, gw: 172.20.10.1[0m
[0;32mI (3018) WiFi_STA: got ip:172.20.10.4[0m
[0;32mI (3018) WiFi_STA: connected to ap SSID:GATEWAY password:135797531[0m
[0;32mI (3028) MQTT_APP: MQTT s·ª± ki·ªán kh√°c: 7[0m
[0;32mI (3038) MAIN: ƒê√£ ghi th·ªùi gian v√†o DS1307[0m
[0;32mI (3038) main_task: Returned from app_main()[0m
I (3048) wifi:<ba-add>idx:0 (ifx:0, 4e:e5:37:ae:0e:c6), tid:0, ssn:2, winSize:64
[0;32mI (3148) MQTT_APP: ƒê√£ k·∫øt n·ªëi MQTT[0m
[0;32mI (3208) MQTT_APP: ƒê√£ ƒëƒÉng k√Ω ch·ªß ƒë·ªÅ th√†nh c√¥ng[0m
[0;32mI (3388) MQTT_APP: Gi·ªù hi·ªán t·∫°i: 13:06:00 - 03/04/2025[0m
[0;32mI (3388) MQTT_APP: Sending JSON: {"inputs":[1,1,1,1,1],"hour":13,"minute":6,"second":0,"day":3,"month":4,"year":2025}[0m
[0;32mI (3398) MQTT_APP: pub LED th√†nh c√¥ng[0m
[0;32mI (3468) MQTT_APP: ƒê√£ g·ª≠i d·ªØ li·ªáu MQTT[0m
[0;32mI (7198) RS485: UART2 Received: {"sensors":{"temperature_humidity_pressure":{"temperature_C":82.1,"humidity_%":49.5,"pressure_Pa":100712}}}
[0m
[0;32mI (7198) MQTT_APP: pub Lora published[0m
[0;32mI (17698) RS485: UART2 Received: {"sensors":{"temperature_humidity_pressure":{"temperature_C":81.6,"humidity_%":59,"pressure_Pa":101640}}}
[0m
[0;32mI (17698) MQTT_APP: pub Lora published[0m
[0;32mI (461448) RS485: UART2 Received: {"sensors":{"temperature_humidity_pressure":{"temperature_C":80.7,"humidity_%":34.9,"pressure_Pa":100073}}}
[0m
[0;32mI (461448) MQTT_APP: pub Lora published[0m
[0;32mI (472698) RS485: UART2 Received: {"sensors":{"temperature_humidity_pressure":{"temperature_C":80.7,"humidity_%":34.9,"pressure_Pa":100073}}}
[0m
[0;32mI (472698) MQTT_APP: pub Lora published[0m
[0;32mI (482948) RS485: UART2 Received: {"sensors":{"temperature_humidity_pressure":{"temperature_C":80.9,"humidity_%":54,"pressure_Pa":100165}}}
[0m
[0;32mI (482948) MQTT_APP: pub Lora published[0m
[0;32mI (493448) RS485: UART2 Received: {"sensors":{"temperature_humidity_pressure":{"temperature_C":84,"humidity_%":41.2,"pressure_Pa":100303}}}
[0m
[0;32mI (493448) MQTT_APP: pub Lora published[0m
I (497928) wifi:[ADDBA]RX DELBA, reason:1, delete tid:0, initiator:0(recipient)
[0;32mI (503698) RS485: UART2 Received: {"sensors":{"temperature_humidity_pressure":{"temperature_C":87.8,"humidity_%":41.6,"pressure_Pa":101335}}}
[0m
[0;32mI (503698) MQTT_APP: pub Lora published[0m
[0;32mI (514198) RS485: UART2 Received: {"sensors":{"temperature_humidity_pressure":{"temperature_C":87.9,"humidity_%":34.9,"pressure_Pa":100579}}}
[0m
[0;32mI (514198) MQTT_APP: pub Lora published[0m
[0;32mI (524448) RS485: UART2 Received: {"sensors":{"temperature_humidity_pressure":{"temperature_C":84.5,"humidity_%":42.8,"pressure_Pa":100091}}}
[0m
[0;32mI (524448) MQTT_APP: pub Lora published[0m
[0;32mI (534948) RS485: UART2 Received: {"sensors":{"temperature_humidity_pressure":{"temperature_C":86.8,"humidity_%":59,"pressure_Pa":100124}}}
[0m
[0;32mI (534948) MQTT_APP: pub Lora published[0m
[0;32mI (545208) RS485: UART2 Received: {"sensors":{"temperature_humidity_pressure":{"temperature_C":82.4,"humidity_%":40.1,"pressure_Pa":100853}}}
[0m
[0;32mI (545208) MQTT_APP: pub Lora published[0m
[0;32mI (600458) RS485: UART2 Received: {"sensors":{"temperature_humidity_pressure":{"temperature_C":80.7,"humidity_%":34.9,"pressure_Pa":100073}}}
[0m
[0;32mI (600458) MQTT_APP: pub Lora published[0m
[0;32mI (610958) RS485: UART2 Received: {"sensors":{"temperature_humidity_pressure":{"temperature_C":80.9,"humidity_%":54,"pressure_Pa":100165}}}
[0m
[0;32mI (610958) MQTT_APP: pub Lora published[0m
[0;32mI (621208) RS485: UART2 Received: {"sensors":{"temperature_humidity_pressure":{"temperature_C":84,"humidity_%":41.2,"pressure_Pa":100303}}}
[0m
[0;32mI (621208) MQTT_APP: pub Lora published[0m
[0;32mI (631708) RS485: UART2 Received: {"sensors":{"temperature_humidity_pressure":{"temperature_C":87.8,"humidity_%":41.6,"pressure_Pa":101335}}}
[0m
[0;32mI (631708) MQTT_APP: pub Lora published[0m
[0;32mI (641958) RS485: UART2 Received: {"sensors":{"temperature_humidity_pressure":{"temperature_C":87.9,"humidity_%":34.9,"pressure_Pa":100579}}}
[0m
[0;32mI (641958) MQTT_APP: pub Lora published[0m
[0;32mI (652458) RS485: UART2 Received: {"sensors":{"temperature_humidity_pressure":{"temperature_C":84.5,"humidity_%":42.8,"pressure_Pa":100091}}}
[0m
[0;32mI (652458) MQTT_APP: pub Lora published[0m
[0;32mI (662728) RS485: UART2 Received: {"sensors":{"temperature_humidity_pressure":{"temperature_C":86.8,"humidity_%":59,"pressure_Pa":100124}}}
[0m
[0;32mI (662728) MQTT_APP: pub Lora published[0m
[0;32mI (683478) RS485: UART2 Received: {"sensors":{"temperature_humidity_pressure":{"temperature_C":83.5,"humidity_%":31.3,"pressure_Pa":101865}}}
[0m
[0;32mI (683478) MQTT_APP: pub Lora published[0m
[0;32mI (693978) RS485: UART2 Received: {"sensors":{"temperature_humidity_pressure":{"temperature_C":89.4,"humidity_%":42.9,"pressure_Pa":100501}}}
[0m
[0;32mI (693978) MQTT_APP: pub Lora published[0m
[0;32mI (704248) RS485: UART2 Received: {"sensors":{"temperature_humidity_pressure":{"temperature_C":88.8,"humidity_%":32.3,"pressure_Pa":101505}}}
[0m
[0;32mI (704248) MQTT_APP: pub Lora published[0m
[0;32mI (714748) RS485: UART2 Received: {"sensors":{"temperature_humidity_pressure":{"temperature_C":84.4,"humidity_%":50.1,"pressure_Pa":100897}}}
[0m
[0;32mI (714748) MQTT_APP: pub Lora published[0m
[0;32mI (725008) RS485: UART2 Received: {"sensors":{"temperature_humidity_pressure":{"temperature_C":89.4,"humidity_%":50.4,"pressure_Pa":101609}}}
[0m
[0;32mI (725008) MQTT_APP: pub Lora published[0m
[0;32mI (735508) RS485: UART2 Received: {"sensors":{"temperature_humidity_pressure":{"temperature_C":89.9,"humidity_%":36.8,"pressure_Pa":100412}}}
[0m
[0;32mI (735508) MQTT_APP: pub Lora published[0m
[0;32mI (745778) RS485: UART2 Received: {"sensors":{"temperature_humidity_pressure":{"temperature_C":81.3,"humidity_%":43,"pressure_Pa":101006}}}
[0m
[0;32mI (745778) MQTT_APP: pub Lora published[0m
[0;32mI (756278) RS485: UART2 Received: {"sensors":{"temperature_humÔøΩdÔøΩty_pressure":{"temperature_C":82.1,"humidity_%":49.5,"pressure_Pa":100712}}}
[0m
[0;32mI (756278) MQTT_APP: pub Lora published[0m
